[2020-06-05T03:27:28.754+0800][gc,heap] Heap region size: 1M
[2020-06-05T03:27:28.754+0800][gc,heap,coops] Heap address: 0x00000007c0000000, size: 1024 MB, Compressed Oops mode: Zero based, Oop shift amount: 3
[2020-06-05T03:27:28.762+0800][gc           ] Using G1
[2020-06-05T03:27:28.762+0800][gc,cds       ] Mark closed archive regions in map: [0x00000007fff00000, 0x00000007fff7aff8]
[2020-06-05T03:27:28.762+0800][gc,cds       ] Mark open archive regions in map: [0x00000007ffe00000, 0x00000007ffe50ff8]
[2020-06-05T03:27:28.777+0800][gc           ] Periodic GC disabled
[2020-06-05T03:27:29.832+0800][gc,start     ] GC(0) Pause Young (Normal) (G1 Evacuation Pause)
[2020-06-05T03:27:29.833+0800][gc,task      ] GC(0) Using 8 workers of 8 for evacuation
[2020-06-05T03:27:29.837+0800][gc,phases    ] GC(0)   Pre Evacuate Collection Set: 0.1ms
[2020-06-05T03:27:29.837+0800][gc,phases    ] GC(0)   Merge Heap Roots: 0.1ms
[2020-06-05T03:27:29.837+0800][gc,phases    ] GC(0)   Evacuate Collection Set: 3.5ms
[2020-06-05T03:27:29.837+0800][gc,phases    ] GC(0)   Post Evacuate Collection Set: 0.4ms
[2020-06-05T03:27:29.837+0800][gc,phases    ] GC(0)   Other: 0.5ms
[2020-06-05T03:27:29.837+0800][gc,heap      ] GC(0) Eden regions: 51->0(44)
[2020-06-05T03:27:29.837+0800][gc,heap      ] GC(0) Survivor regions: 0->7(7)
[2020-06-05T03:27:29.837+0800][gc,heap      ] GC(0) Old regions: 0->0
[2020-06-05T03:27:29.837+0800][gc,heap      ] GC(0) Archive regions: 2->2
[2020-06-05T03:27:29.837+0800][gc,heap      ] GC(0) Humongous regions: 0->0
[2020-06-05T03:27:29.837+0800][gc,metaspace ] GC(0) Metaspace: 15569K(16256K)->15569K(16256K) NonClass: 13437K(13824K)->13437K(13824K) Class: 2132K(2432K)->2132K(2432K)
[2020-06-05T03:27:29.837+0800][gc           ] GC(0) Pause Young (Normal) (G1 Evacuation Pause) 51M->6M(1024M) 4.756ms
[2020-06-05T03:27:29.837+0800][gc,cpu       ] GC(0) User=0.01s Sys=0.01s Real=0.00s
[2020-06-05T03:27:30.141+0800][gc,start     ] GC(1) Pause Young (Concurrent Start) (Metadata GC Threshold)
[2020-06-05T03:27:30.141+0800][gc,task      ] GC(1) Using 8 workers of 8 for evacuation
[2020-06-05T03:27:30.146+0800][gc,phases    ] GC(1)   Pre Evacuate Collection Set: 0.1ms
[2020-06-05T03:27:30.146+0800][gc,phases    ] GC(1)   Merge Heap Roots: 0.1ms
[2020-06-05T03:27:30.146+0800][gc,phases    ] GC(1)   Evacuate Collection Set: 4.7ms
[2020-06-05T03:27:30.146+0800][gc,phases    ] GC(1)   Post Evacuate Collection Set: 0.4ms
[2020-06-05T03:27:30.146+0800][gc,phases    ] GC(1)   Other: 0.3ms
[2020-06-05T03:27:30.146+0800][gc,heap      ] GC(1) Eden regions: 22->0(49)
[2020-06-05T03:27:30.146+0800][gc,heap      ] GC(1) Survivor regions: 7->2(7)
[2020-06-05T03:27:30.146+0800][gc,heap      ] GC(1) Old regions: 0->6
[2020-06-05T03:27:30.146+0800][gc,heap      ] GC(1) Archive regions: 2->2
[2020-06-05T03:27:30.146+0800][gc,heap      ] GC(1) Humongous regions: 129->129
[2020-06-05T03:27:30.146+0800][gc,metaspace ] GC(1) Metaspace: 20568K(21296K)->20568K(21296K) NonClass: 17715K(18096K)->17715K(18096K) Class: 2853K(3200K)->2853K(3200K)
[2020-06-05T03:27:30.147+0800][gc           ] GC(1) Pause Young (Concurrent Start) (Metadata GC Threshold) 157M->137M(1024M) 5.793ms
[2020-06-05T03:27:30.147+0800][gc,cpu       ] GC(1) User=0.02s Sys=0.01s Real=0.00s
[2020-06-05T03:27:30.147+0800][gc           ] GC(2) Concurrent Cycle
[2020-06-05T03:27:30.147+0800][gc,marking   ] GC(2) Concurrent Clear Claimed Marks
[2020-06-05T03:27:30.147+0800][gc,marking   ] GC(2) Concurrent Clear Claimed Marks 0.047ms
[2020-06-05T03:27:30.147+0800][gc,marking   ] GC(2) Concurrent Scan Root Regions
[2020-06-05T03:27:30.150+0800][gc,marking   ] GC(2) Concurrent Scan Root Regions 2.927ms
[2020-06-05T03:27:30.150+0800][gc,marking   ] GC(2) Concurrent Mark (1.420s)
[2020-06-05T03:27:30.150+0800][gc,marking   ] GC(2) Concurrent Mark From Roots
[2020-06-05T03:27:30.150+0800][gc,task      ] GC(2) Using 2 workers of 2 for marking
[2020-06-05T03:27:30.151+0800][gc,marking   ] GC(2) Concurrent Mark From Roots 1.544ms
[2020-06-05T03:27:30.151+0800][gc,marking   ] GC(2) Concurrent Preclean
[2020-06-05T03:27:30.151+0800][gc,marking   ] GC(2) Concurrent Preclean 0.032ms
[2020-06-05T03:27:30.151+0800][gc,marking   ] GC(2) Concurrent Mark (1.420s, 1.422s) 1.676ms
[2020-06-05T03:27:30.151+0800][gc,start     ] GC(2) Pause Remark
[2020-06-05T03:27:30.152+0800][gc           ] GC(2) Pause Remark 138M->138M(1024M) 0.883ms
[2020-06-05T03:27:30.152+0800][gc,cpu       ] GC(2) User=0.01s Sys=0.00s Real=0.00s
[2020-06-05T03:27:30.152+0800][gc,marking   ] GC(2) Concurrent Rebuild Remembered Sets
[2020-06-05T03:27:30.154+0800][gc,marking   ] GC(2) Concurrent Rebuild Remembered Sets 1.970ms
[2020-06-05T03:27:30.155+0800][gc,start     ] GC(2) Pause Cleanup
[2020-06-05T03:27:30.155+0800][gc           ] GC(2) Pause Cleanup 138M->138M(1024M) 0.130ms
[2020-06-05T03:27:30.155+0800][gc,cpu       ] GC(2) User=0.00s Sys=0.00s Real=0.00s
[2020-06-05T03:27:30.155+0800][gc,marking   ] GC(2) Concurrent Cleanup for Next Mark
[2020-06-05T03:27:30.160+0800][gc,marking   ] GC(2) Concurrent Cleanup for Next Mark 4.608ms
[2020-06-05T03:27:30.160+0800][gc           ] GC(2) Concurrent Cycle 13.219ms
[2020-06-05T03:27:30.611+0800][gc,start     ] GC(3) Pause Young (Normal) (G1 Evacuation Pause)
[2020-06-05T03:27:30.611+0800][gc,task      ] GC(3) Using 8 workers of 8 for evacuation
[2020-06-05T03:27:30.614+0800][gc,phases    ] GC(3)   Pre Evacuate Collection Set: 0.1ms
[2020-06-05T03:27:30.614+0800][gc,phases    ] GC(3)   Merge Heap Roots: 0.0ms
[2020-06-05T03:27:30.614+0800][gc,phases    ] GC(3)   Evacuate Collection Set: 2.8ms
[2020-06-05T03:27:30.614+0800][gc,phases    ] GC(3)   Post Evacuate Collection Set: 0.3ms
[2020-06-05T03:27:30.614+0800][gc,phases    ] GC(3)   Other: 0.1ms
[2020-06-05T03:27:30.614+0800][gc,heap      ] GC(3) Eden regions: 49->0(46)
[2020-06-05T03:27:30.614+0800][gc,heap      ] GC(3) Survivor regions: 2->5(7)
[2020-06-05T03:27:30.614+0800][gc,heap      ] GC(3) Old regions: 6->6
[2020-06-05T03:27:30.614+0800][gc,heap      ] GC(3) Archive regions: 2->2
[2020-06-05T03:27:30.614+0800][gc,heap      ] GC(3) Humongous regions: 129->129
[2020-06-05T03:27:30.614+0800][gc,metaspace ] GC(3) Metaspace: 29835K(31152K)->29835K(31152K) NonClass: 25985K(26800K)->25985K(26800K) Class: 3850K(4352K)->3850K(4352K)
[2020-06-05T03:27:30.614+0800][gc           ] GC(3) Pause Young (Normal) (G1 Evacuation Pause) 186M->140M(1024M) 3.453ms
[2020-06-05T03:27:30.614+0800][gc,cpu       ] GC(3) User=0.02s Sys=0.00s Real=0.00s
[2020-06-05T03:28:05.127+0800][gc,heap,exit ] Heap
[2020-06-05T03:28:05.127+0800][gc,heap,exit ]  garbage-first heap   total 1048576K, used 160379K [0x00000007c0000000, 0x0000000800000000)
[2020-06-05T03:28:05.127+0800][gc,heap,exit ]   region size 1024K, 23 young (23552K), 5 survivors (5120K)
[2020-06-05T03:28:05.127+0800][gc,heap,exit ]  Metaspace       used 32334K, capacity 33542K, committed 33712K, reserved 1079296K
[2020-06-05T03:28:05.127+0800][gc,heap,exit ]   class space    used 4209K, capacity 4756K, committed 4864K, reserved 1048576K
