[2020-06-05T03:28:47.482+0800][gc,heap] Heap region size: 1M
[2020-06-05T03:28:47.483+0800][gc,heap,coops] Heap address: 0x00000007c0000000, size: 1024 MB, Compressed Oops mode: Zero based, Oop shift amount: 3
[2020-06-05T03:28:47.490+0800][gc           ] Using G1
[2020-06-05T03:28:47.491+0800][gc,cds       ] Mark closed archive regions in map: [0x00000007fff00000, 0x00000007fff7aff8]
[2020-06-05T03:28:47.491+0800][gc,cds       ] Mark open archive regions in map: [0x00000007ffe00000, 0x00000007ffe50ff8]
[2020-06-05T03:28:47.505+0800][gc           ] Periodic GC disabled
[2020-06-05T03:28:48.566+0800][gc,start     ] GC(0) Pause Young (Normal) (G1 Evacuation Pause)
[2020-06-05T03:28:48.567+0800][gc,task      ] GC(0) Using 8 workers of 8 for evacuation
[2020-06-05T03:28:48.571+0800][gc,phases    ] GC(0)   Pre Evacuate Collection Set: 0.1ms
[2020-06-05T03:28:48.571+0800][gc,phases    ] GC(0)   Merge Heap Roots: 0.1ms
[2020-06-05T03:28:48.571+0800][gc,phases    ] GC(0)   Evacuate Collection Set: 3.6ms
[2020-06-05T03:28:48.571+0800][gc,phases    ] GC(0)   Post Evacuate Collection Set: 0.4ms
[2020-06-05T03:28:48.571+0800][gc,phases    ] GC(0)   Other: 0.5ms
[2020-06-05T03:28:48.571+0800][gc,heap      ] GC(0) Eden regions: 51->0(44)
[2020-06-05T03:28:48.571+0800][gc,heap      ] GC(0) Survivor regions: 0->7(7)
[2020-06-05T03:28:48.571+0800][gc,heap      ] GC(0) Old regions: 0->0
[2020-06-05T03:28:48.571+0800][gc,heap      ] GC(0) Archive regions: 2->2
[2020-06-05T03:28:48.571+0800][gc,heap      ] GC(0) Humongous regions: 0->0
[2020-06-05T03:28:48.571+0800][gc,metaspace ] GC(0) Metaspace: 15529K(16256K)->15529K(16256K) NonClass: 13402K(13824K)->13402K(13824K) Class: 2126K(2432K)->2126K(2432K)
[2020-06-05T03:28:48.571+0800][gc           ] GC(0) Pause Young (Normal) (G1 Evacuation Pause) 51M->6M(1024M) 4.805ms
[2020-06-05T03:28:48.571+0800][gc,cpu       ] GC(0) User=0.02s Sys=0.01s Real=0.01s
[2020-06-05T03:28:48.840+0800][gc,start     ] GC(1) Pause Young (Concurrent Start) (Metadata GC Threshold)
[2020-06-05T03:28:48.840+0800][gc,task      ] GC(1) Using 8 workers of 8 for evacuation
[2020-06-05T03:28:48.844+0800][gc,phases    ] GC(1)   Pre Evacuate Collection Set: 0.1ms
[2020-06-05T03:28:48.845+0800][gc,phases    ] GC(1)   Merge Heap Roots: 0.0ms
[2020-06-05T03:28:48.845+0800][gc,phases    ] GC(1)   Evacuate Collection Set: 4.1ms
[2020-06-05T03:28:48.845+0800][gc,phases    ] GC(1)   Post Evacuate Collection Set: 0.3ms
[2020-06-05T03:28:48.845+0800][gc,phases    ] GC(1)   Other: 0.2ms
[2020-06-05T03:28:48.845+0800][gc,heap      ] GC(1) Eden regions: 23->0(49)
[2020-06-05T03:28:48.845+0800][gc,heap      ] GC(1) Survivor regions: 7->2(7)
[2020-06-05T03:28:48.845+0800][gc,heap      ] GC(1) Old regions: 0->6
[2020-06-05T03:28:48.845+0800][gc,heap      ] GC(1) Archive regions: 2->2
[2020-06-05T03:28:48.845+0800][gc,heap      ] GC(1) Humongous regions: 129->129
[2020-06-05T03:28:48.845+0800][gc,metaspace ] GC(1) Metaspace: 20621K(21296K)->20621K(21296K) NonClass: 17774K(18096K)->17774K(18096K) Class: 2847K(3200K)->2847K(3200K)
[2020-06-05T03:28:48.845+0800][gc           ] GC(1) Pause Young (Concurrent Start) (Metadata GC Threshold) 158M->137M(1024M) 4.933ms
[2020-06-05T03:28:48.845+0800][gc,cpu       ] GC(1) User=0.02s Sys=0.01s Real=0.00s
[2020-06-05T03:28:48.845+0800][gc           ] GC(2) Concurrent Cycle
[2020-06-05T03:28:48.845+0800][gc,marking   ] GC(2) Concurrent Clear Claimed Marks
[2020-06-05T03:28:48.845+0800][gc,marking   ] GC(2) Concurrent Clear Claimed Marks 0.044ms
[2020-06-05T03:28:48.845+0800][gc,marking   ] GC(2) Concurrent Scan Root Regions
[2020-06-05T03:28:48.847+0800][gc,marking   ] GC(2) Concurrent Scan Root Regions 2.213ms
[2020-06-05T03:28:48.847+0800][gc,marking   ] GC(2) Concurrent Mark (1.390s)
[2020-06-05T03:28:48.847+0800][gc,marking   ] GC(2) Concurrent Mark From Roots
[2020-06-05T03:28:48.847+0800][gc,task      ] GC(2) Using 2 workers of 2 for marking
[2020-06-05T03:28:48.848+0800][gc,marking   ] GC(2) Concurrent Mark From Roots 1.181ms
[2020-06-05T03:28:48.848+0800][gc,marking   ] GC(2) Concurrent Preclean
[2020-06-05T03:28:48.848+0800][gc,marking   ] GC(2) Concurrent Preclean 0.025ms
[2020-06-05T03:28:48.848+0800][gc,marking   ] GC(2) Concurrent Mark (1.390s, 1.391s) 1.270ms
[2020-06-05T03:28:48.849+0800][gc,start     ] GC(2) Pause Remark
[2020-06-05T03:28:48.849+0800][gc           ] GC(2) Pause Remark 138M->138M(1024M) 0.814ms
[2020-06-05T03:28:48.849+0800][gc,cpu       ] GC(2) User=0.00s Sys=0.00s Real=0.00s
[2020-06-05T03:28:48.849+0800][gc,marking   ] GC(2) Concurrent Rebuild Remembered Sets
[2020-06-05T03:28:48.851+0800][gc,marking   ] GC(2) Concurrent Rebuild Remembered Sets 2.021ms
[2020-06-05T03:28:48.852+0800][gc,start     ] GC(2) Pause Cleanup
[2020-06-05T03:28:48.852+0800][gc           ] GC(2) Pause Cleanup 138M->138M(1024M) 0.134ms
[2020-06-05T03:28:48.852+0800][gc,cpu       ] GC(2) User=0.00s Sys=0.00s Real=0.00s
[2020-06-05T03:28:48.852+0800][gc,marking   ] GC(2) Concurrent Cleanup for Next Mark
[2020-06-05T03:28:48.856+0800][gc,marking   ] GC(2) Concurrent Cleanup for Next Mark 4.263ms
[2020-06-05T03:28:48.856+0800][gc           ] GC(2) Concurrent Cycle 11.755ms
[2020-06-05T03:28:49.312+0800][gc,start     ] GC(3) Pause Young (Normal) (G1 Evacuation Pause)
[2020-06-05T03:28:49.312+0800][gc,task      ] GC(3) Using 8 workers of 8 for evacuation
[2020-06-05T03:28:49.315+0800][gc,phases    ] GC(3)   Pre Evacuate Collection Set: 0.1ms
[2020-06-05T03:28:49.315+0800][gc,phases    ] GC(3)   Merge Heap Roots: 0.1ms
[2020-06-05T03:28:49.315+0800][gc,phases    ] GC(3)   Evacuate Collection Set: 2.4ms
[2020-06-05T03:28:49.315+0800][gc,phases    ] GC(3)   Post Evacuate Collection Set: 0.3ms
[2020-06-05T03:28:49.315+0800][gc,phases    ] GC(3)   Other: 0.1ms
[2020-06-05T03:28:49.315+0800][gc,heap      ] GC(3) Eden regions: 49->0(45)
[2020-06-05T03:28:49.315+0800][gc,heap      ] GC(3) Survivor regions: 2->6(7)
[2020-06-05T03:28:49.315+0800][gc,heap      ] GC(3) Old regions: 6->6
[2020-06-05T03:28:49.315+0800][gc,heap      ] GC(3) Archive regions: 2->2
[2020-06-05T03:28:49.315+0800][gc,heap      ] GC(3) Humongous regions: 129->129
[2020-06-05T03:28:49.315+0800][gc,metaspace ] GC(3) Metaspace: 30060K(31408K)->30060K(31408K) NonClass: 26200K(27056K)->26200K(27056K) Class: 3860K(4352K)->3860K(4352K)
[2020-06-05T03:28:49.315+0800][gc           ] GC(3) Pause Young (Normal) (G1 Evacuation Pause) 186M->140M(1024M) 3.046ms
[2020-06-05T03:28:49.315+0800][gc,cpu       ] GC(3) User=0.02s Sys=0.00s Real=0.00s
[2020-06-05T03:33:10.310+0800][gc,start     ] GC(4) Pause Young (Concurrent Start) (Metadata GC Threshold)
[2020-06-05T03:33:10.311+0800][gc,task      ] GC(4) Using 8 workers of 8 for evacuation
[2020-06-05T03:33:10.315+0800][gc,phases    ] GC(4)   Pre Evacuate Collection Set: 0.2ms
[2020-06-05T03:33:10.315+0800][gc,phases    ] GC(4)   Merge Heap Roots: 0.0ms
[2020-06-05T03:33:10.315+0800][gc,phases    ] GC(4)   Evacuate Collection Set: 3.8ms
[2020-06-05T03:33:10.315+0800][gc,phases    ] GC(4)   Post Evacuate Collection Set: 0.4ms
[2020-06-05T03:33:10.315+0800][gc,phases    ] GC(4)   Other: 0.2ms
[2020-06-05T03:33:10.315+0800][gc,heap      ] GC(4) Eden regions: 22->0(49)
[2020-06-05T03:33:10.315+0800][gc,heap      ] GC(4) Survivor regions: 6->2(7)
[2020-06-05T03:33:10.315+0800][gc,heap      ] GC(4) Old regions: 6->11
[2020-06-05T03:33:10.315+0800][gc,heap      ] GC(4) Archive regions: 2->2
[2020-06-05T03:33:10.315+0800][gc,heap      ] GC(4) Humongous regions: 129->129
[2020-06-05T03:33:10.315+0800][gc,metaspace ] GC(4) Metaspace: 34377K(35920K)->34377K(35920K) NonClass: 29754K(30544K)->29754K(30544K) Class: 4622K(5376K)->4622K(5376K)
[2020-06-05T03:33:10.315+0800][gc           ] GC(4) Pause Young (Concurrent Start) (Metadata GC Threshold) 162M->141M(1024M) 4.740ms
[2020-06-05T03:33:10.315+0800][gc,cpu       ] GC(4) User=0.02s Sys=0.00s Real=0.00s
[2020-06-05T03:33:10.315+0800][gc           ] GC(5) Concurrent Cycle
[2020-06-05T03:33:10.315+0800][gc,marking   ] GC(5) Concurrent Clear Claimed Marks
[2020-06-05T03:33:10.315+0800][gc,marking   ] GC(5) Concurrent Clear Claimed Marks 0.129ms
[2020-06-05T03:33:10.315+0800][gc,marking   ] GC(5) Concurrent Scan Root Regions
[2020-06-05T03:33:10.318+0800][gc,marking   ] GC(5) Concurrent Scan Root Regions 3.024ms
[2020-06-05T03:33:10.319+0800][gc,marking   ] GC(5) Concurrent Mark (262.866s)
[2020-06-05T03:33:10.319+0800][gc,marking   ] GC(5) Concurrent Mark From Roots
[2020-06-05T03:33:10.319+0800][gc,task      ] GC(5) Using 2 workers of 2 for marking
[2020-06-05T03:33:10.323+0800][gc,marking   ] GC(5) Concurrent Mark From Roots 4.896ms
[2020-06-05T03:33:10.323+0800][gc,marking   ] GC(5) Concurrent Preclean
[2020-06-05T03:33:10.324+0800][gc,marking   ] GC(5) Concurrent Preclean 0.121ms
[2020-06-05T03:33:10.324+0800][gc,marking   ] GC(5) Concurrent Mark (262.866s, 262.871s) 5.105ms
[2020-06-05T03:33:10.324+0800][gc,start     ] GC(5) Pause Remark
[2020-06-05T03:33:10.325+0800][gc           ] GC(5) Pause Remark 142M->142M(1024M) 1.262ms
[2020-06-05T03:33:10.325+0800][gc,cpu       ] GC(5) User=0.00s Sys=0.00s Real=0.00s
[2020-06-05T03:33:10.325+0800][gc,marking   ] GC(5) Concurrent Rebuild Remembered Sets
[2020-06-05T03:33:10.330+0800][gc,marking   ] GC(5) Concurrent Rebuild Remembered Sets 4.537ms
[2020-06-05T03:33:10.330+0800][gc,start     ] GC(5) Pause Cleanup
[2020-06-05T03:33:10.330+0800][gc           ] GC(5) Pause Cleanup 142M->142M(1024M) 0.153ms
[2020-06-05T03:33:10.330+0800][gc,cpu       ] GC(5) User=0.00s Sys=0.00s Real=0.00s
[2020-06-05T03:33:10.330+0800][gc,marking   ] GC(5) Concurrent Cleanup for Next Mark
[2020-06-05T03:33:10.335+0800][gc,marking   ] GC(5) Concurrent Cleanup for Next Mark 5.036ms
[2020-06-05T03:33:10.335+0800][gc           ] GC(5) Concurrent Cycle 19.979ms
[2020-06-05T03:38:00.614+0800][gc,start     ] GC(6) Pause Young (Concurrent Start) (G1 Evacuation Pause)
[2020-06-05T03:38:00.614+0800][gc,task      ] GC(6) Using 8 workers of 8 for evacuation
[2020-06-05T03:38:00.623+0800][gc,phases    ] GC(6)   Pre Evacuate Collection Set: 0.4ms
[2020-06-05T03:38:00.623+0800][gc,phases    ] GC(6)   Merge Heap Roots: 0.1ms
[2020-06-05T03:38:00.623+0800][gc,phases    ] GC(6)   Evacuate Collection Set: 6.5ms
[2020-06-05T03:38:00.623+0800][gc,phases    ] GC(6)   Post Evacuate Collection Set: 1.5ms
[2020-06-05T03:38:00.623+0800][gc,phases    ] GC(6)   Other: 0.4ms
[2020-06-05T03:38:00.623+0800][gc,heap      ] GC(6) Eden regions: 49->0(47)
[2020-06-05T03:38:00.623+0800][gc,heap      ] GC(6) Survivor regions: 2->4(7)
[2020-06-05T03:38:00.623+0800][gc,heap      ] GC(6) Old regions: 11->11
[2020-06-05T03:38:00.623+0800][gc,heap      ] GC(6) Archive regions: 2->2
[2020-06-05T03:38:00.623+0800][gc,heap      ] GC(6) Humongous regions: 129->129
[2020-06-05T03:38:00.623+0800][gc,metaspace ] GC(6) Metaspace: 37916K(39984K)->37916K(39984K) NonClass: 32868K(33968K)->32868K(33968K) Class: 5048K(6016K)->5048K(6016K)
[2020-06-05T03:38:00.623+0800][gc           ] GC(6) Pause Young (Concurrent Start) (G1 Evacuation Pause) 190M->144M(1024M) 9.326ms
[2020-06-05T03:38:00.624+0800][gc,cpu       ] GC(6) User=0.05s Sys=0.00s Real=0.01s
[2020-06-05T03:38:00.624+0800][gc           ] GC(7) Concurrent Cycle
[2020-06-05T03:38:00.624+0800][gc,marking   ] GC(7) Concurrent Clear Claimed Marks
[2020-06-05T03:38:00.624+0800][gc,marking   ] GC(7) Concurrent Clear Claimed Marks 0.286ms
[2020-06-05T03:38:00.624+0800][gc,marking   ] GC(7) Concurrent Scan Root Regions
[2020-06-05T03:38:00.627+0800][gc,marking   ] GC(7) Concurrent Scan Root Regions 3.376ms
[2020-06-05T03:38:00.627+0800][gc,marking   ] GC(7) Concurrent Mark (553.180s)
[2020-06-05T03:38:00.628+0800][gc,marking   ] GC(7) Concurrent Mark From Roots
[2020-06-05T03:38:00.628+0800][gc,task      ] GC(7) Using 2 workers of 2 for marking
[2020-06-05T03:38:00.640+0800][gc,marking   ] GC(7) Concurrent Mark From Roots 12.691ms
[2020-06-05T03:38:00.640+0800][gc,marking   ] GC(7) Concurrent Preclean
[2020-06-05T03:38:00.640+0800][gc,marking   ] GC(7) Concurrent Preclean 0.134ms
[2020-06-05T03:38:00.640+0800][gc,marking   ] GC(7) Concurrent Mark (553.180s, 553.193s) 12.919ms
[2020-06-05T03:38:00.641+0800][gc,start     ] GC(7) Pause Remark
[2020-06-05T03:38:00.644+0800][gc           ] GC(7) Pause Remark 144M->144M(1024M) 3.310ms
[2020-06-05T03:38:00.644+0800][gc,cpu       ] GC(7) User=0.02s Sys=0.00s Real=0.00s
[2020-06-05T03:38:00.644+0800][gc,marking   ] GC(7) Concurrent Rebuild Remembered Sets
[2020-06-05T03:38:00.650+0800][gc,marking   ] GC(7) Concurrent Rebuild Remembered Sets 5.790ms
[2020-06-05T03:38:00.650+0800][gc,start     ] GC(7) Pause Cleanup
[2020-06-05T03:38:00.650+0800][gc           ] GC(7) Pause Cleanup 144M->144M(1024M) 0.154ms
[2020-06-05T03:38:00.650+0800][gc,cpu       ] GC(7) User=0.00s Sys=0.00s Real=0.00s
[2020-06-05T03:38:00.650+0800][gc,marking   ] GC(7) Concurrent Cleanup for Next Mark
[2020-06-05T03:38:00.652+0800][gc,marking   ] GC(7) Concurrent Cleanup for Next Mark 1.284ms
[2020-06-05T03:38:00.652+0800][gc           ] GC(7) Concurrent Cycle 28.032ms
[2020-06-05T03:44:55.462+0800][gc,start     ] GC(8) Pause Young (Normal) (G1 Evacuation Pause)
[2020-06-05T03:44:55.462+0800][gc,task      ] GC(8) Using 8 workers of 8 for evacuation
[2020-06-05T03:44:55.468+0800][gc,phases    ] GC(8)   Pre Evacuate Collection Set: 0.1ms
[2020-06-05T03:44:55.468+0800][gc,phases    ] GC(8)   Merge Heap Roots: 0.1ms
[2020-06-05T03:44:55.468+0800][gc,phases    ] GC(8)   Evacuate Collection Set: 5.1ms
[2020-06-05T03:44:55.468+0800][gc,phases    ] GC(8)   Post Evacuate Collection Set: 0.6ms
[2020-06-05T03:44:55.468+0800][gc,phases    ] GC(8)   Other: 0.2ms
[2020-06-05T03:44:55.468+0800][gc,heap      ] GC(8) Eden regions: 47->0(47)
[2020-06-05T03:44:55.468+0800][gc,heap      ] GC(8) Survivor regions: 4->4(7)
[2020-06-05T03:44:55.468+0800][gc,heap      ] GC(8) Old regions: 11->12
[2020-06-05T03:44:55.468+0800][gc,heap      ] GC(8) Archive regions: 2->2
[2020-06-05T03:44:55.468+0800][gc,heap      ] GC(8) Humongous regions: 129->129
[2020-06-05T03:44:55.468+0800][gc,metaspace ] GC(8) Metaspace: 39213K(41648K)->39213K(41648K) NonClass: 33889K(35248K)->33889K(35248K) Class: 5324K(6400K)->5324K(6400K)
[2020-06-05T03:44:55.468+0800][gc           ] GC(8) Pause Young (Normal) (G1 Evacuation Pause) 191M->144M(1024M) 6.371ms
[2020-06-05T03:44:55.468+0800][gc,cpu       ] GC(8) User=0.04s Sys=0.00s Real=0.00s
[2020-06-05T03:44:55.485+0800][gc,heap,exit ] Heap
[2020-06-05T03:44:55.486+0800][gc,heap,exit ]  garbage-first heap   total 1048576K, used 150430K [0x00000007c0000000, 0x0000000800000000)
[2020-06-05T03:44:55.486+0800][gc,heap,exit ]   region size 1024K, 7 young (7168K), 4 survivors (4096K)
[2020-06-05T03:44:55.486+0800][gc,heap,exit ]  Metaspace       used 39240K, capacity 41415K, committed 41648K, reserved 1085440K
[2020-06-05T03:44:55.486+0800][gc,heap,exit ]   class space    used 5332K, capacity 6373K, committed 6400K, reserved 1048576K
