[2020-06-08T00:13:52.188+0800][gc,heap] Heap region size: 1M
[2020-06-08T00:13:52.188+0800][gc,heap,coops] Heap address: 0x00000007c0000000, size: 1024 MB, Compressed Oops mode: Zero based, Oop shift amount: 3
[2020-06-08T00:13:52.196+0800][gc           ] Using G1
[2020-06-08T00:13:52.196+0800][gc,cds       ] Mark closed archive regions in map: [0x00000007fff00000, 0x00000007fff7aff8]
[2020-06-08T00:13:52.196+0800][gc,cds       ] Mark open archive regions in map: [0x00000007ffe00000, 0x00000007ffe50ff8]
[2020-06-08T00:13:52.211+0800][gc           ] Periodic GC disabled
[2020-06-08T00:13:53.127+0800][gc,heap,exit ] Heap
[2020-06-08T00:13:53.127+0800][gc,heap,exit ]  garbage-first heap   total 1048576K, used 27440K [0x00000007c0000000, 0x0000000800000000)
[2020-06-08T00:13:53.127+0800][gc,heap,exit ]   region size 1024K, 27 young (27648K), 0 survivors (0K)
[2020-06-08T00:13:53.127+0800][gc,heap,exit ]  Metaspace       used 9098K, capacity 9367K, committed 9600K, reserved 1056768K
[2020-06-08T00:13:53.127+0800][gc,heap,exit ]   class space    used 1220K, capacity 1321K, committed 1408K, reserved 1048576K
