[2020-06-08T00:14:09.173+0800][gc,heap] Heap region size: 1M
[2020-06-08T00:14:09.173+0800][gc,heap,coops] Heap address: 0x00000007c0000000, size: 1024 MB, Compressed Oops mode: Zero based, Oop shift amount: 3
[2020-06-08T00:14:09.181+0800][gc           ] Using G1
[2020-06-08T00:14:09.181+0800][gc,cds       ] Mark closed archive regions in map: [0x00000007fff00000, 0x00000007fff7aff8]
[2020-06-08T00:14:09.181+0800][gc,cds       ] Mark open archive regions in map: [0x00000007ffe00000, 0x00000007ffe50ff8]
[2020-06-08T00:14:09.195+0800][gc           ] Periodic GC disabled
[2020-06-08T00:14:10.369+0800][gc,start     ] GC(0) Pause Young (Normal) (G1 Evacuation Pause)
[2020-06-08T00:14:10.374+0800][gc,task      ] GC(0) Using 8 workers of 8 for evacuation
[2020-06-08T00:14:10.379+0800][gc,phases    ] GC(0)   Pre Evacuate Collection Set: 0.1ms
[2020-06-08T00:14:10.379+0800][gc,phases    ] GC(0)   Merge Heap Roots: 0.0ms
[2020-06-08T00:14:10.379+0800][gc,phases    ] GC(0)   Evacuate Collection Set: 3.9ms
[2020-06-08T00:14:10.379+0800][gc,phases    ] GC(0)   Post Evacuate Collection Set: 0.5ms
[2020-06-08T00:14:10.379+0800][gc,phases    ] GC(0)   Other: 5.1ms
[2020-06-08T00:14:10.379+0800][gc,heap      ] GC(0) Eden regions: 51->0(44)
[2020-06-08T00:14:10.379+0800][gc,heap      ] GC(0) Survivor regions: 0->7(7)
[2020-06-08T00:14:10.379+0800][gc,heap      ] GC(0) Old regions: 0->0
[2020-06-08T00:14:10.379+0800][gc,heap      ] GC(0) Archive regions: 2->2
[2020-06-08T00:14:10.379+0800][gc,heap      ] GC(0) Humongous regions: 0->0
[2020-06-08T00:14:10.379+0800][gc,metaspace ] GC(0) Metaspace: 15865K(16512K)->15865K(16512K) NonClass: 13709K(14080K)->13709K(14080K) Class: 2155K(2432K)->2155K(2432K)
[2020-06-08T00:14:10.379+0800][gc           ] GC(0) Pause Young (Normal) (G1 Evacuation Pause) 51M->6M(1024M) 9.752ms
[2020-06-08T00:14:10.379+0800][gc,cpu       ] GC(0) User=0.02s Sys=0.00s Real=0.01s
[2020-06-08T00:14:10.712+0800][gc,start     ] GC(1) Pause Young (Concurrent Start) (Metadata GC Threshold)
[2020-06-08T00:14:10.712+0800][gc,task      ] GC(1) Using 8 workers of 8 for evacuation
[2020-06-08T00:14:10.717+0800][gc,phases    ] GC(1)   Pre Evacuate Collection Set: 0.1ms
[2020-06-08T00:14:10.717+0800][gc,phases    ] GC(1)   Merge Heap Roots: 0.0ms
[2020-06-08T00:14:10.717+0800][gc,phases    ] GC(1)   Evacuate Collection Set: 3.9ms
[2020-06-08T00:14:10.717+0800][gc,phases    ] GC(1)   Post Evacuate Collection Set: 0.3ms
[2020-06-08T00:14:10.717+0800][gc,phases    ] GC(1)   Other: 0.2ms
[2020-06-08T00:14:10.717+0800][gc,heap      ] GC(1) Eden regions: 20->0(49)
[2020-06-08T00:14:10.717+0800][gc,heap      ] GC(1) Survivor regions: 7->2(7)
[2020-06-08T00:14:10.717+0800][gc,heap      ] GC(1) Old regions: 0->6
[2020-06-08T00:14:10.717+0800][gc,heap      ] GC(1) Archive regions: 2->2
[2020-06-08T00:14:10.717+0800][gc,heap      ] GC(1) Humongous regions: 0->0
[2020-06-08T00:14:10.717+0800][gc,metaspace ] GC(1) Metaspace: 20624K(21248K)->20624K(21248K) NonClass: 17803K(18176K)->17803K(18176K) Class: 2821K(3072K)->2821K(3072K)
[2020-06-08T00:14:10.717+0800][gc           ] GC(1) Pause Young (Concurrent Start) (Metadata GC Threshold) 26M->7M(1024M) 4.748ms
[2020-06-08T00:14:10.717+0800][gc,cpu       ] GC(1) User=0.02s Sys=0.01s Real=0.00s
[2020-06-08T00:14:10.717+0800][gc           ] GC(2) Concurrent Cycle
[2020-06-08T00:14:10.717+0800][gc,marking   ] GC(2) Concurrent Clear Claimed Marks
[2020-06-08T00:14:10.717+0800][gc,marking   ] GC(2) Concurrent Clear Claimed Marks 0.040ms
[2020-06-08T00:14:10.717+0800][gc,marking   ] GC(2) Concurrent Scan Root Regions
[2020-06-08T00:14:10.720+0800][gc,marking   ] GC(2) Concurrent Scan Root Regions 2.459ms
[2020-06-08T00:14:10.720+0800][gc,marking   ] GC(2) Concurrent Mark (1.571s)
[2020-06-08T00:14:10.720+0800][gc,marking   ] GC(2) Concurrent Mark From Roots
[2020-06-08T00:14:10.720+0800][gc,task      ] GC(2) Using 2 workers of 2 for marking
[2020-06-08T00:14:10.721+0800][gc,marking   ] GC(2) Concurrent Mark From Roots 1.041ms
[2020-06-08T00:14:10.721+0800][gc,marking   ] GC(2) Concurrent Preclean
[2020-06-08T00:14:10.721+0800][gc,marking   ] GC(2) Concurrent Preclean 0.027ms
[2020-06-08T00:14:10.721+0800][gc,marking   ] GC(2) Concurrent Mark (1.571s, 1.572s) 1.149ms
[2020-06-08T00:14:10.721+0800][gc,start     ] GC(2) Pause Remark
[2020-06-08T00:14:10.722+0800][gc           ] GC(2) Pause Remark 8M->8M(1024M) 0.819ms
[2020-06-08T00:14:10.722+0800][gc,cpu       ] GC(2) User=0.01s Sys=0.00s Real=0.00s
[2020-06-08T00:14:10.722+0800][gc,marking   ] GC(2) Concurrent Rebuild Remembered Sets
[2020-06-08T00:14:10.724+0800][gc,marking   ] GC(2) Concurrent Rebuild Remembered Sets 1.880ms
[2020-06-08T00:14:10.724+0800][gc,start     ] GC(2) Pause Cleanup
[2020-06-08T00:14:10.724+0800][gc           ] GC(2) Pause Cleanup 8M->8M(1024M) 0.131ms
[2020-06-08T00:14:10.724+0800][gc,cpu       ] GC(2) User=0.00s Sys=0.00s Real=0.00s
[2020-06-08T00:14:10.725+0800][gc,marking   ] GC(2) Concurrent Cleanup for Next Mark
[2020-06-08T00:14:10.730+0800][gc,marking   ] GC(2) Concurrent Cleanup for Next Mark 5.337ms
[2020-06-08T00:14:10.730+0800][gc           ] GC(2) Concurrent Cycle 12.654ms
[2020-06-08T00:14:11.507+0800][gc,start     ] GC(3) Pause Young (Normal) (G1 Evacuation Pause)
[2020-06-08T00:14:11.507+0800][gc,task      ] GC(3) Using 8 workers of 8 for evacuation
[2020-06-08T00:14:11.510+0800][gc,phases    ] GC(3)   Pre Evacuate Collection Set: 0.1ms
[2020-06-08T00:14:11.510+0800][gc,phases    ] GC(3)   Merge Heap Roots: 0.1ms
[2020-06-08T00:14:11.510+0800][gc,phases    ] GC(3)   Evacuate Collection Set: 2.2ms
[2020-06-08T00:14:11.510+0800][gc,phases    ] GC(3)   Post Evacuate Collection Set: 0.3ms
[2020-06-08T00:14:11.510+0800][gc,phases    ] GC(3)   Other: 0.1ms
[2020-06-08T00:14:11.510+0800][gc,heap      ] GC(3) Eden regions: 49->0(46)
[2020-06-08T00:14:11.510+0800][gc,heap      ] GC(3) Survivor regions: 2->5(7)
[2020-06-08T00:14:11.510+0800][gc,heap      ] GC(3) Old regions: 6->6
[2020-06-08T00:14:11.510+0800][gc,heap      ] GC(3) Archive regions: 2->2
[2020-06-08T00:14:11.510+0800][gc,heap      ] GC(3) Humongous regions: 129->129
[2020-06-08T00:14:11.510+0800][gc,metaspace ] GC(3) Metaspace: 28514K(29820K)->28514K(29820K) NonClass: 24826K(25600K)->24826K(25600K) Class: 3688K(4220K)->3688K(4220K)
[2020-06-08T00:14:11.510+0800][gc           ] GC(3) Pause Young (Normal) (G1 Evacuation Pause) 185M->140M(1024M) 2.869ms
[2020-06-08T00:14:11.510+0800][gc,cpu       ] GC(3) User=0.02s Sys=0.00s Real=0.01s
[2020-06-08T00:14:11.994+0800][gc,start     ] GC(4) Pause Young (Concurrent Start) (Metadata GC Threshold)
[2020-06-08T00:14:11.994+0800][gc,task      ] GC(4) Using 8 workers of 8 for evacuation
[2020-06-08T00:14:12.004+0800][gc,phases    ] GC(4)   Pre Evacuate Collection Set: 0.2ms
[2020-06-08T00:14:12.004+0800][gc,phases    ] GC(4)   Merge Heap Roots: 0.0ms
[2020-06-08T00:14:12.004+0800][gc,phases    ] GC(4)   Evacuate Collection Set: 8.1ms
[2020-06-08T00:14:12.005+0800][gc,phases    ] GC(4)   Post Evacuate Collection Set: 1.7ms
[2020-06-08T00:14:12.005+0800][gc,phases    ] GC(4)   Other: 0.2ms
[2020-06-08T00:14:12.005+0800][gc,heap      ] GC(4) Eden regions: 36->0(48)
[2020-06-08T00:14:12.005+0800][gc,heap      ] GC(4) Survivor regions: 5->3(7)
[2020-06-08T00:14:12.005+0800][gc,heap      ] GC(4) Old regions: 6->11
[2020-06-08T00:14:12.005+0800][gc,heap      ] GC(4) Archive regions: 2->2
[2020-06-08T00:14:12.005+0800][gc,heap      ] GC(4) Humongous regions: 141->135
[2020-06-08T00:14:12.005+0800][gc,metaspace ] GC(4) Metaspace: 34437K(35964K)->34437K(35964K) NonClass: 29913K(30720K)->29913K(30720K) Class: 4524K(5244K)->4524K(5244K)
[2020-06-08T00:14:12.005+0800][gc           ] GC(4) Pause Young (Concurrent Start) (Metadata GC Threshold) 187M->148M(1024M) 10.486ms
[2020-06-08T00:14:12.005+0800][gc,cpu       ] GC(4) User=0.03s Sys=0.01s Real=0.01s
[2020-06-08T00:14:12.005+0800][gc           ] GC(5) Concurrent Cycle
[2020-06-08T00:14:12.005+0800][gc,marking   ] GC(5) Concurrent Clear Claimed Marks
[2020-06-08T00:14:12.005+0800][gc,marking   ] GC(5) Concurrent Clear Claimed Marks 0.122ms
[2020-06-08T00:14:12.005+0800][gc,marking   ] GC(5) Concurrent Scan Root Regions
[2020-06-08T00:14:12.009+0800][gc,marking   ] GC(5) Concurrent Scan Root Regions 4.590ms
[2020-06-08T00:14:12.009+0800][gc,marking   ] GC(5) Concurrent Mark (2.860s)
[2020-06-08T00:14:12.009+0800][gc,marking   ] GC(5) Concurrent Mark From Roots
[2020-06-08T00:14:12.010+0800][gc,task      ] GC(5) Using 2 workers of 2 for marking
[2020-06-08T00:14:12.015+0800][gc,marking   ] GC(5) Concurrent Mark From Roots 5.946ms
[2020-06-08T00:14:12.016+0800][gc,marking   ] GC(5) Concurrent Preclean
[2020-06-08T00:14:12.016+0800][gc,marking   ] GC(5) Concurrent Preclean 0.131ms
[2020-06-08T00:14:12.016+0800][gc,marking   ] GC(5) Concurrent Mark (2.860s, 2.866s) 6.191ms
[2020-06-08T00:14:12.016+0800][gc,start     ] GC(5) Pause Remark
[2020-06-08T00:14:12.019+0800][gc           ] GC(5) Pause Remark 149M->149M(1024M) 3.262ms
[2020-06-08T00:14:12.019+0800][gc,cpu       ] GC(5) User=0.02s Sys=0.00s Real=0.00s
[2020-06-08T00:14:12.019+0800][gc,marking   ] GC(5) Concurrent Rebuild Remembered Sets
[2020-06-08T00:14:12.025+0800][gc,marking   ] GC(5) Concurrent Rebuild Remembered Sets 5.714ms
[2020-06-08T00:14:12.025+0800][gc,start     ] GC(5) Pause Cleanup
[2020-06-08T00:14:12.025+0800][gc           ] GC(5) Pause Cleanup 149M->149M(1024M) 0.107ms
[2020-06-08T00:14:12.025+0800][gc,cpu       ] GC(5) User=0.01s Sys=0.00s Real=0.00s
[2020-06-08T00:14:12.026+0800][gc,marking   ] GC(5) Concurrent Cleanup for Next Mark
[2020-06-08T00:14:12.035+0800][gc,marking   ] GC(5) Concurrent Cleanup for Next Mark 9.343ms
[2020-06-08T00:14:12.035+0800][gc           ] GC(5) Concurrent Cycle 30.282ms
[2020-06-08T00:17:19.139+0800][gc,heap,exit ] Heap
[2020-06-08T00:17:19.140+0800][gc,heap,exit ]  garbage-first heap   total 1048576K, used 173806K [0x00000007c0000000, 0x0000000800000000)
[2020-06-08T00:17:19.140+0800][gc,heap,exit ]   region size 1024K, 26 young (26624K), 3 survivors (3072K)
[2020-06-08T00:17:19.140+0800][gc,heap,exit ]  Metaspace       used 36519K, capacity 38267K, committed 38524K, reserved 1081344K
[2020-06-08T00:17:19.140+0800][gc,heap,exit ]   class space    used 4916K, capacity 5730K, committed 5756K, reserved 1048576K
