[2020-06-08T00:18:10.442+0800][gc,heap] Heap region size: 1M
[2020-06-08T00:18:10.443+0800][gc,heap,coops] Heap address: 0x00000007c0000000, size: 1024 MB, Compressed Oops mode: Zero based, Oop shift amount: 3
[2020-06-08T00:18:10.452+0800][gc           ] Using G1
[2020-06-08T00:18:10.452+0800][gc,cds       ] Mark closed archive regions in map: [0x00000007fff00000, 0x00000007fff7aff8]
[2020-06-08T00:18:10.452+0800][gc,cds       ] Mark open archive regions in map: [0x00000007ffe00000, 0x00000007ffe50ff8]
[2020-06-08T00:18:10.467+0800][gc           ] Periodic GC disabled
[2020-06-08T00:18:11.608+0800][gc,start     ] GC(0) Pause Young (Normal) (G1 Evacuation Pause)
[2020-06-08T00:18:11.608+0800][gc,task      ] GC(0) Using 8 workers of 8 for evacuation
[2020-06-08T00:18:11.613+0800][gc,phases    ] GC(0)   Pre Evacuate Collection Set: 0.1ms
[2020-06-08T00:18:11.613+0800][gc,phases    ] GC(0)   Merge Heap Roots: 0.1ms
[2020-06-08T00:18:11.613+0800][gc,phases    ] GC(0)   Evacuate Collection Set: 4.0ms
[2020-06-08T00:18:11.613+0800][gc,phases    ] GC(0)   Post Evacuate Collection Set: 0.4ms
[2020-06-08T00:18:11.613+0800][gc,phases    ] GC(0)   Other: 0.7ms
[2020-06-08T00:18:11.613+0800][gc,heap      ] GC(0) Eden regions: 51->0(44)
[2020-06-08T00:18:11.613+0800][gc,heap      ] GC(0) Survivor regions: 0->7(7)
[2020-06-08T00:18:11.613+0800][gc,heap      ] GC(0) Old regions: 0->0
[2020-06-08T00:18:11.613+0800][gc,heap      ] GC(0) Archive regions: 2->2
[2020-06-08T00:18:11.613+0800][gc,heap      ] GC(0) Humongous regions: 0->0
[2020-06-08T00:18:11.613+0800][gc,metaspace ] GC(0) Metaspace: 15866K(16512K)->15866K(16512K) NonClass: 13711K(14080K)->13711K(14080K) Class: 2155K(2432K)->2155K(2432K)
[2020-06-08T00:18:11.613+0800][gc           ] GC(0) Pause Young (Normal) (G1 Evacuation Pause) 51M->6M(1024M) 5.429ms
[2020-06-08T00:18:11.613+0800][gc,cpu       ] GC(0) User=0.02s Sys=0.01s Real=0.01s
[2020-06-08T00:18:11.903+0800][gc,start     ] GC(1) Pause Young (Concurrent Start) (Metadata GC Threshold)
[2020-06-08T00:18:11.903+0800][gc,task      ] GC(1) Using 8 workers of 8 for evacuation
[2020-06-08T00:18:11.908+0800][gc,phases    ] GC(1)   Pre Evacuate Collection Set: 0.1ms
[2020-06-08T00:18:11.908+0800][gc,phases    ] GC(1)   Merge Heap Roots: 0.0ms
[2020-06-08T00:18:11.908+0800][gc,phases    ] GC(1)   Evacuate Collection Set: 4.1ms
[2020-06-08T00:18:11.908+0800][gc,phases    ] GC(1)   Post Evacuate Collection Set: 0.4ms
[2020-06-08T00:18:11.908+0800][gc,phases    ] GC(1)   Other: 0.2ms
[2020-06-08T00:18:11.908+0800][gc,heap      ] GC(1) Eden regions: 20->0(49)
[2020-06-08T00:18:11.908+0800][gc,heap      ] GC(1) Survivor regions: 7->2(7)
[2020-06-08T00:18:11.908+0800][gc,heap      ] GC(1) Old regions: 0->7
[2020-06-08T00:18:11.908+0800][gc,heap      ] GC(1) Archive regions: 2->2
[2020-06-08T00:18:11.908+0800][gc,heap      ] GC(1) Humongous regions: 0->0
[2020-06-08T00:18:11.908+0800][gc,metaspace ] GC(1) Metaspace: 20678K(21248K)->20678K(21248K) NonClass: 17850K(18176K)->17850K(18176K) Class: 2827K(3072K)->2827K(3072K)
[2020-06-08T00:18:11.908+0800][gc           ] GC(1) Pause Young (Concurrent Start) (Metadata GC Threshold) 26M->7M(1024M) 5.041ms
[2020-06-08T00:18:11.908+0800][gc,cpu       ] GC(1) User=0.02s Sys=0.01s Real=0.00s
[2020-06-08T00:18:11.908+0800][gc           ] GC(2) Concurrent Cycle
[2020-06-08T00:18:11.908+0800][gc,marking   ] GC(2) Concurrent Clear Claimed Marks
[2020-06-08T00:18:11.908+0800][gc,marking   ] GC(2) Concurrent Clear Claimed Marks 0.040ms
[2020-06-08T00:18:11.908+0800][gc,marking   ] GC(2) Concurrent Scan Root Regions
[2020-06-08T00:18:11.911+0800][gc,marking   ] GC(2) Concurrent Scan Root Regions 2.237ms
[2020-06-08T00:18:11.911+0800][gc,marking   ] GC(2) Concurrent Mark (1.492s)
[2020-06-08T00:18:11.911+0800][gc,marking   ] GC(2) Concurrent Mark From Roots
[2020-06-08T00:18:11.911+0800][gc,task      ] GC(2) Using 2 workers of 2 for marking
[2020-06-08T00:18:11.912+0800][gc,marking   ] GC(2) Concurrent Mark From Roots 1.022ms
[2020-06-08T00:18:11.912+0800][gc,marking   ] GC(2) Concurrent Preclean
[2020-06-08T00:18:11.912+0800][gc,marking   ] GC(2) Concurrent Preclean 0.026ms
[2020-06-08T00:18:11.912+0800][gc,marking   ] GC(2) Concurrent Mark (1.492s, 1.493s) 1.109ms
[2020-06-08T00:18:11.912+0800][gc,start     ] GC(2) Pause Remark
[2020-06-08T00:18:11.913+0800][gc           ] GC(2) Pause Remark 8M->8M(1024M) 0.770ms
[2020-06-08T00:18:11.913+0800][gc,cpu       ] GC(2) User=0.00s Sys=0.00s Real=0.00s
[2020-06-08T00:18:11.913+0800][gc,marking   ] GC(2) Concurrent Rebuild Remembered Sets
[2020-06-08T00:18:11.915+0800][gc,marking   ] GC(2) Concurrent Rebuild Remembered Sets 2.054ms
[2020-06-08T00:18:11.915+0800][gc,start     ] GC(2) Pause Cleanup
[2020-06-08T00:18:11.915+0800][gc           ] GC(2) Pause Cleanup 8M->8M(1024M) 0.134ms
[2020-06-08T00:18:11.915+0800][gc,cpu       ] GC(2) User=0.00s Sys=0.00s Real=0.00s
[2020-06-08T00:18:11.915+0800][gc,marking   ] GC(2) Concurrent Cleanup for Next Mark
[2020-06-08T00:18:11.920+0800][gc,marking   ] GC(2) Concurrent Cleanup for Next Mark 4.831ms
[2020-06-08T00:18:11.920+0800][gc           ] GC(2) Concurrent Cycle 12.090ms
[2020-06-08T00:18:12.643+0800][gc,start     ] GC(3) Pause Young (Normal) (G1 Evacuation Pause)
[2020-06-08T00:18:12.643+0800][gc,task      ] GC(3) Using 8 workers of 8 for evacuation
[2020-06-08T00:18:12.646+0800][gc,phases    ] GC(3)   Pre Evacuate Collection Set: 0.1ms
[2020-06-08T00:18:12.646+0800][gc,phases    ] GC(3)   Merge Heap Roots: 0.1ms
[2020-06-08T00:18:12.646+0800][gc,phases    ] GC(3)   Evacuate Collection Set: 2.4ms
[2020-06-08T00:18:12.646+0800][gc,phases    ] GC(3)   Post Evacuate Collection Set: 0.3ms
[2020-06-08T00:18:12.646+0800][gc,phases    ] GC(3)   Other: 0.1ms
[2020-06-08T00:18:12.646+0800][gc,heap      ] GC(3) Eden regions: 49->0(46)
[2020-06-08T00:18:12.646+0800][gc,heap      ] GC(3) Survivor regions: 2->5(7)
[2020-06-08T00:18:12.646+0800][gc,heap      ] GC(3) Old regions: 7->7
[2020-06-08T00:18:12.646+0800][gc,heap      ] GC(3) Archive regions: 2->2
[2020-06-08T00:18:12.646+0800][gc,heap      ] GC(3) Humongous regions: 129->129
[2020-06-08T00:18:12.646+0800][gc,metaspace ] GC(3) Metaspace: 28656K(29824K)->28656K(29824K) NonClass: 24956K(25600K)->24956K(25600K) Class: 3700K(4224K)->3700K(4224K)
[2020-06-08T00:18:12.646+0800][gc           ] GC(3) Pause Young (Normal) (G1 Evacuation Pause) 185M->140M(1024M) 3.058ms
[2020-06-08T00:18:12.646+0800][gc,cpu       ] GC(3) User=0.01s Sys=0.00s Real=0.00s
[2020-06-08T00:18:13.605+0800][gc,start     ] GC(4) Pause Young (Concurrent Start) (Metadata GC Threshold)
[2020-06-08T00:18:13.605+0800][gc,task      ] GC(4) Using 8 workers of 8 for evacuation
[2020-06-08T00:18:13.613+0800][gc,phases    ] GC(4)   Pre Evacuate Collection Set: 0.2ms
[2020-06-08T00:18:13.613+0800][gc,phases    ] GC(4)   Merge Heap Roots: 0.1ms
[2020-06-08T00:18:13.613+0800][gc,phases    ] GC(4)   Evacuate Collection Set: 7.3ms
[2020-06-08T00:18:13.613+0800][gc,phases    ] GC(4)   Post Evacuate Collection Set: 0.7ms
[2020-06-08T00:18:13.613+0800][gc,phases    ] GC(4)   Other: 0.3ms
[2020-06-08T00:18:13.613+0800][gc,heap      ] GC(4) Eden regions: 35->0(49)
[2020-06-08T00:18:13.613+0800][gc,heap      ] GC(4) Survivor regions: 5->2(7)
[2020-06-08T00:18:13.613+0800][gc,heap      ] GC(4) Old regions: 7->11
[2020-06-08T00:18:13.613+0800][gc,heap      ] GC(4) Archive regions: 2->2
[2020-06-08T00:18:13.613+0800][gc,heap      ] GC(4) Humongous regions: 141->129
[2020-06-08T00:18:13.614+0800][gc,metaspace ] GC(4) Metaspace: 34464K(35968K)->34464K(35968K) NonClass: 29938K(30720K)->29938K(30720K) Class: 4526K(5248K)->4526K(5248K)
[2020-06-08T00:18:13.614+0800][gc           ] GC(4) Pause Young (Concurrent Start) (Metadata GC Threshold) 187M->142M(1024M) 8.761ms
[2020-06-08T00:18:13.614+0800][gc,cpu       ] GC(4) User=0.05s Sys=0.01s Real=0.01s
[2020-06-08T00:18:13.614+0800][gc           ] GC(5) Concurrent Cycle
[2020-06-08T00:18:13.614+0800][gc,marking   ] GC(5) Concurrent Clear Claimed Marks
[2020-06-08T00:18:13.614+0800][gc,marking   ] GC(5) Concurrent Clear Claimed Marks 0.145ms
[2020-06-08T00:18:13.614+0800][gc,marking   ] GC(5) Concurrent Scan Root Regions
[2020-06-08T00:18:13.618+0800][gc,marking   ] GC(5) Concurrent Scan Root Regions 4.190ms
[2020-06-08T00:18:13.618+0800][gc,marking   ] GC(5) Concurrent Mark (3.200s)
[2020-06-08T00:18:13.618+0800][gc,marking   ] GC(5) Concurrent Mark From Roots
[2020-06-08T00:18:13.618+0800][gc,task      ] GC(5) Using 2 workers of 2 for marking
[2020-06-08T00:18:13.624+0800][gc,marking   ] GC(5) Concurrent Mark From Roots 5.831ms
[2020-06-08T00:18:13.624+0800][gc,marking   ] GC(5) Concurrent Preclean
[2020-06-08T00:18:13.624+0800][gc,marking   ] GC(5) Concurrent Preclean 0.072ms
[2020-06-08T00:18:13.624+0800][gc,marking   ] GC(5) Concurrent Mark (3.200s, 3.205s) 5.978ms
[2020-06-08T00:18:13.624+0800][gc,start     ] GC(5) Pause Remark
[2020-06-08T00:18:13.626+0800][gc           ] GC(5) Pause Remark 142M->142M(1024M) 1.478ms
[2020-06-08T00:18:13.626+0800][gc,cpu       ] GC(5) User=0.01s Sys=0.00s Real=0.00s
[2020-06-08T00:18:13.626+0800][gc,marking   ] GC(5) Concurrent Rebuild Remembered Sets
[2020-06-08T00:18:13.631+0800][gc,marking   ] GC(5) Concurrent Rebuild Remembered Sets 4.960ms
[2020-06-08T00:18:13.631+0800][gc,start     ] GC(5) Pause Cleanup
[2020-06-08T00:18:13.631+0800][gc           ] GC(5) Pause Cleanup 142M->142M(1024M) 0.224ms
[2020-06-08T00:18:13.631+0800][gc,cpu       ] GC(5) User=0.00s Sys=0.00s Real=0.00s
[2020-06-08T00:18:13.631+0800][gc,marking   ] GC(5) Concurrent Cleanup for Next Mark
[2020-06-08T00:18:13.639+0800][gc,marking   ] GC(5) Concurrent Cleanup for Next Mark 7.235ms
[2020-06-08T00:18:13.639+0800][gc           ] GC(5) Concurrent Cycle 25.128ms
[2020-06-08T00:33:42.212+0800][gc,start     ] GC(6) Pause Young (Normal) (G1 Evacuation Pause)
[2020-06-08T00:33:42.213+0800][gc,task      ] GC(6) Using 8 workers of 8 for evacuation
[2020-06-08T00:33:42.218+0800][gc,phases    ] GC(6)   Pre Evacuate Collection Set: 1.8ms
[2020-06-08T00:33:42.218+0800][gc,phases    ] GC(6)   Merge Heap Roots: 0.1ms
[2020-06-08T00:33:42.218+0800][gc,phases    ] GC(6)   Evacuate Collection Set: 3.0ms
[2020-06-08T00:33:42.218+0800][gc,phases    ] GC(6)   Post Evacuate Collection Set: 0.6ms
[2020-06-08T00:33:42.218+0800][gc,phases    ] GC(6)   Other: 0.6ms
[2020-06-08T00:33:42.218+0800][gc,heap      ] GC(6) Eden regions: 49->0(48)
[2020-06-08T00:33:42.218+0800][gc,heap      ] GC(6) Survivor regions: 2->3(7)
[2020-06-08T00:33:42.218+0800][gc,heap      ] GC(6) Old regions: 11->11
[2020-06-08T00:33:42.218+0800][gc,heap      ] GC(6) Archive regions: 2->2
[2020-06-08T00:33:42.218+0800][gc,heap      ] GC(6) Humongous regions: 129->129
[2020-06-08T00:33:42.218+0800][gc,metaspace ] GC(6) Metaspace: 37389K(39296K)->37389K(39296K) NonClass: 32325K(33280K)->32325K(33280K) Class: 5064K(6016K)->5064K(6016K)
[2020-06-08T00:33:42.218+0800][gc           ] GC(6) Pause Young (Normal) (G1 Evacuation Pause) 191M->143M(1024M) 6.239ms
[2020-06-08T00:33:42.218+0800][gc,cpu       ] GC(6) User=0.02s Sys=0.01s Real=0.00s
[2020-06-08T00:41:22.692+0800][gc,start     ] GC(7) Pause Young (Normal) (G1 Evacuation Pause)
[2020-06-08T00:41:22.693+0800][gc,task      ] GC(7) Using 8 workers of 8 for evacuation
[2020-06-08T00:41:22.717+0800][gc,mmu       ] GC(7) MMU target violated: 21.0ms (20.0ms/21.0ms)
[2020-06-08T00:41:22.717+0800][gc,phases    ] GC(7)   Pre Evacuate Collection Set: 5.5ms
[2020-06-08T00:41:22.717+0800][gc,phases    ] GC(7)   Merge Heap Roots: 0.3ms
[2020-06-08T00:41:22.717+0800][gc,phases    ] GC(7)   Evacuate Collection Set: 17.7ms
[2020-06-08T00:41:22.717+0800][gc,phases    ] GC(7)   Post Evacuate Collection Set: 0.9ms
[2020-06-08T00:41:22.717+0800][gc,phases    ] GC(7)   Other: 0.7ms
[2020-06-08T00:41:22.717+0800][gc,heap      ] GC(7) Eden regions: 48->0(46)
[2020-06-08T00:41:22.717+0800][gc,heap      ] GC(7) Survivor regions: 3->5(7)
[2020-06-08T00:41:22.717+0800][gc,heap      ] GC(7) Old regions: 11->11
[2020-06-08T00:41:22.717+0800][gc,heap      ] GC(7) Archive regions: 2->2
[2020-06-08T00:41:22.717+0800][gc,heap      ] GC(7) Humongous regions: 129->129
[2020-06-08T00:41:22.717+0800][gc,metaspace ] GC(7) Metaspace: 38573K(40704K)->38573K(40704K) NonClass: 33399K(34560K)->33399K(34560K) Class: 5174K(6144K)->5174K(6144K)
[2020-06-08T00:41:22.717+0800][gc           ] GC(7) Pause Young (Normal) (G1 Evacuation Pause) 191M->145M(1024M) 25.105ms
[2020-06-08T00:41:22.717+0800][gc,cpu       ] GC(7) User=0.04s Sys=0.08s Real=0.02s
[2020-06-08T00:48:13.019+0800][gc,start     ] GC(8) Pause Young (Normal) (G1 Evacuation Pause)
[2020-06-08T00:48:13.020+0800][gc,task      ] GC(8) Using 8 workers of 8 for evacuation
[2020-06-08T00:48:13.025+0800][gc,phases    ] GC(8)   Pre Evacuate Collection Set: 0.1ms
[2020-06-08T00:48:13.025+0800][gc,phases    ] GC(8)   Merge Heap Roots: 0.1ms
[2020-06-08T00:48:13.025+0800][gc,phases    ] GC(8)   Evacuate Collection Set: 4.1ms
[2020-06-08T00:48:13.025+0800][gc,phases    ] GC(8)   Post Evacuate Collection Set: 0.5ms
[2020-06-08T00:48:13.025+0800][gc,phases    ] GC(8)   Other: 0.5ms
[2020-06-08T00:48:13.025+0800][gc,heap      ] GC(8) Eden regions: 46->0(46)
[2020-06-08T00:48:13.025+0800][gc,heap      ] GC(8) Survivor regions: 5->5(7)
[2020-06-08T00:48:13.025+0800][gc,heap      ] GC(8) Old regions: 11->13
[2020-06-08T00:48:13.025+0800][gc,heap      ] GC(8) Archive regions: 2->2
[2020-06-08T00:48:13.025+0800][gc,heap      ] GC(8) Humongous regions: 129->129
[2020-06-08T00:48:13.025+0800][gc,metaspace ] GC(8) Metaspace: 38656K(40704K)->38656K(40704K) NonClass: 33481K(34560K)->33481K(34560K) Class: 5174K(6144K)->5174K(6144K)
[2020-06-08T00:48:13.025+0800][gc           ] GC(8) Pause Young (Normal) (G1 Evacuation Pause) 191M->146M(1024M) 5.435ms
[2020-06-08T00:48:13.025+0800][gc,cpu       ] GC(8) User=0.03s Sys=0.00s Real=0.01s
[2020-06-08T00:55:23.016+0800][gc,start     ] GC(9) Pause Young (Normal) (G1 Evacuation Pause)
[2020-06-08T00:55:23.016+0800][gc,task      ] GC(9) Using 8 workers of 8 for evacuation
[2020-06-08T00:55:23.042+0800][gc,mmu       ] GC(9) MMU target violated: 21.0ms (20.0ms/21.0ms)
[2020-06-08T00:55:23.042+0800][gc,phases    ] GC(9)   Pre Evacuate Collection Set: 0.4ms
[2020-06-08T00:55:23.042+0800][gc,phases    ] GC(9)   Merge Heap Roots: 0.2ms
[2020-06-08T00:55:23.042+0800][gc,phases    ] GC(9)   Evacuate Collection Set: 24.2ms
[2020-06-08T00:55:23.042+0800][gc,phases    ] GC(9)   Post Evacuate Collection Set: 0.4ms
[2020-06-08T00:55:23.042+0800][gc,phases    ] GC(9)   Other: 1.1ms
[2020-06-08T00:55:23.042+0800][gc,heap      ] GC(9) Eden regions: 46->0(47)
[2020-06-08T00:55:23.042+0800][gc,heap      ] GC(9) Survivor regions: 5->4(7)
[2020-06-08T00:55:23.042+0800][gc,heap      ] GC(9) Old regions: 13->14
[2020-06-08T00:55:23.042+0800][gc,heap      ] GC(9) Archive regions: 2->2
[2020-06-08T00:55:23.042+0800][gc,heap      ] GC(9) Humongous regions: 129->129
[2020-06-08T00:55:23.042+0800][gc,metaspace ] GC(9) Metaspace: 38683K(40704K)->38683K(40704K) NonClass: 33508K(34560K)->33508K(34560K) Class: 5175K(6144K)->5175K(6144K)
[2020-06-08T00:55:23.042+0800][gc           ] GC(9) Pause Young (Normal) (G1 Evacuation Pause) 192M->146M(1024M) 26.395ms
[2020-06-08T00:55:23.042+0800][gc,cpu       ] GC(9) User=0.04s Sys=0.10s Real=0.03s
[2020-06-08T01:03:58.241+0800][gc,start     ] GC(10) Pause Young (Normal) (G1 Evacuation Pause)
[2020-06-08T01:03:58.241+0800][gc,task      ] GC(10) Using 8 workers of 8 for evacuation
[2020-06-08T01:03:58.246+0800][gc,phases    ] GC(10)   Pre Evacuate Collection Set: 0.1ms
[2020-06-08T01:03:58.246+0800][gc,phases    ] GC(10)   Merge Heap Roots: 0.1ms
[2020-06-08T01:03:58.246+0800][gc,phases    ] GC(10)   Evacuate Collection Set: 4.1ms
[2020-06-08T01:03:58.246+0800][gc,phases    ] GC(10)   Post Evacuate Collection Set: 0.5ms
[2020-06-08T01:03:58.246+0800][gc,phases    ] GC(10)   Other: 0.3ms
[2020-06-08T01:03:58.246+0800][gc,heap      ] GC(10) Eden regions: 47->0(51)
[2020-06-08T01:03:58.246+0800][gc,heap      ] GC(10) Survivor regions: 4->3(7)
[2020-06-08T01:03:58.246+0800][gc,heap      ] GC(10) Old regions: 14->14
[2020-06-08T01:03:58.246+0800][gc,heap      ] GC(10) Archive regions: 2->2
[2020-06-08T01:03:58.246+0800][gc,heap      ] GC(10) Humongous regions: 129->129
[2020-06-08T01:03:58.246+0800][gc,metaspace ] GC(10) Metaspace: 38725K(40960K)->38725K(40960K) NonClass: 33550K(34816K)->33550K(34816K) Class: 5175K(6144K)->5175K(6144K)
[2020-06-08T01:03:58.247+0800][gc           ] GC(10) Pause Young (Normal) (G1 Evacuation Pause) 193M->145M(1024M) 6.129ms
[2020-06-08T01:03:58.247+0800][gc,cpu       ] GC(10) User=0.02s Sys=0.01s Real=0.00s
[2020-06-08T01:16:42.291+0800][gc,start     ] GC(11) Pause Young (Normal) (G1 Evacuation Pause)
[2020-06-08T01:16:42.292+0800][gc,task      ] GC(11) Using 8 workers of 8 for evacuation
[2020-06-08T01:16:42.302+0800][gc,phases    ] GC(11)   Pre Evacuate Collection Set: 0.2ms
[2020-06-08T01:16:42.302+0800][gc,phases    ] GC(11)   Merge Heap Roots: 0.1ms
[2020-06-08T01:16:42.302+0800][gc,phases    ] GC(11)   Evacuate Collection Set: 9.2ms
[2020-06-08T01:16:42.302+0800][gc,phases    ] GC(11)   Post Evacuate Collection Set: 0.3ms
[2020-06-08T01:16:42.302+0800][gc,phases    ] GC(11)   Other: 0.8ms
[2020-06-08T01:16:42.302+0800][gc,heap      ] GC(11) Eden regions: 51->0(51)
[2020-06-08T01:16:42.302+0800][gc,heap      ] GC(11) Survivor regions: 3->4(7)
[2020-06-08T01:16:42.302+0800][gc,heap      ] GC(11) Old regions: 14->14
[2020-06-08T01:16:42.302+0800][gc,heap      ] GC(11) Archive regions: 2->2
[2020-06-08T01:16:42.302+0800][gc,heap      ] GC(11) Humongous regions: 129->129
[2020-06-08T01:16:42.302+0800][gc,metaspace ] GC(11) Metaspace: 38754K(40960K)->38754K(40960K) NonClass: 33579K(34816K)->33579K(34816K) Class: 5175K(6144K)->5175K(6144K)
[2020-06-08T01:16:42.302+0800][gc           ] GC(11) Pause Young (Normal) (G1 Evacuation Pause) 196M->146M(1024M) 10.776ms
[2020-06-08T01:16:42.302+0800][gc,cpu       ] GC(11) User=0.03s Sys=0.02s Real=0.01s
[2020-06-08T01:28:31.476+0800][gc,start     ] GC(12) Pause Young (Normal) (G1 Evacuation Pause)
[2020-06-08T01:28:31.477+0800][gc,task      ] GC(12) Using 8 workers of 8 for evacuation
[2020-06-08T01:28:31.486+0800][gc,phases    ] GC(12)   Pre Evacuate Collection Set: 0.2ms
[2020-06-08T01:28:31.486+0800][gc,phases    ] GC(12)   Merge Heap Roots: 0.1ms
[2020-06-08T01:28:31.486+0800][gc,phases    ] GC(12)   Evacuate Collection Set: 8.1ms
[2020-06-08T01:28:31.486+0800][gc,phases    ] GC(12)   Post Evacuate Collection Set: 0.5ms
[2020-06-08T01:28:31.486+0800][gc,phases    ] GC(12)   Other: 1.1ms
[2020-06-08T01:28:31.486+0800][gc,heap      ] GC(12) Eden regions: 51->0(80)
[2020-06-08T01:28:31.486+0800][gc,heap      ] GC(12) Survivor regions: 4->4(7)
[2020-06-08T01:28:31.486+0800][gc,heap      ] GC(12) Old regions: 14->14
[2020-06-08T01:28:31.486+0800][gc,heap      ] GC(12) Archive regions: 2->2
[2020-06-08T01:28:31.486+0800][gc,heap      ] GC(12) Humongous regions: 129->129
[2020-06-08T01:28:31.486+0800][gc,metaspace ] GC(12) Metaspace: 38823K(41088K)->38823K(41088K) NonClass: 33636K(34816K)->33636K(34816K) Class: 5187K(6272K)->5187K(6272K)
[2020-06-08T01:28:31.486+0800][gc           ] GC(12) Pause Young (Normal) (G1 Evacuation Pause) 197M->146M(1024M) 10.315ms
[2020-06-08T01:28:31.486+0800][gc,cpu       ] GC(12) User=0.03s Sys=0.02s Real=0.01s
[2020-06-08T01:48:18.118+0800][gc,start     ] GC(13) Pause Young (Normal) (G1 Evacuation Pause)
[2020-06-08T01:48:18.119+0800][gc,task      ] GC(13) Using 8 workers of 8 for evacuation
[2020-06-08T01:48:18.132+0800][gc,phases    ] GC(13)   Pre Evacuate Collection Set: 5.3ms
[2020-06-08T01:48:18.132+0800][gc,phases    ] GC(13)   Merge Heap Roots: 0.1ms
[2020-06-08T01:48:18.132+0800][gc,phases    ] GC(13)   Evacuate Collection Set: 6.8ms
[2020-06-08T01:48:18.132+0800][gc,phases    ] GC(13)   Post Evacuate Collection Set: 0.8ms
[2020-06-08T01:48:18.132+0800][gc,phases    ] GC(13)   Other: 1.7ms
[2020-06-08T01:48:18.132+0800][gc,heap      ] GC(13) Eden regions: 80->0(178)
[2020-06-08T01:48:18.132+0800][gc,heap      ] GC(13) Survivor regions: 4->4(11)
[2020-06-08T01:48:18.132+0800][gc,heap      ] GC(13) Old regions: 14->14
[2020-06-08T01:48:18.132+0800][gc,heap      ] GC(13) Archive regions: 2->2
[2020-06-08T01:48:18.132+0800][gc,heap      ] GC(13) Humongous regions: 129->129
[2020-06-08T01:48:18.133+0800][gc,metaspace ] GC(13) Metaspace: 38841K(41088K)->38841K(41088K) NonClass: 33653K(34816K)->33653K(34816K) Class: 5187K(6272K)->5187K(6272K)
[2020-06-08T01:48:18.133+0800][gc           ] GC(13) Pause Young (Normal) (G1 Evacuation Pause) 226M->147M(1024M) 14.893ms
[2020-06-08T01:48:18.133+0800][gc,cpu       ] GC(13) User=0.04s Sys=0.03s Real=0.02s
[2020-06-08T02:32:00.333+0800][gc,start     ] GC(14) Pause Young (Normal) (G1 Evacuation Pause)
[2020-06-08T02:32:00.334+0800][gc,task      ] GC(14) Using 8 workers of 8 for evacuation
[2020-06-08T02:32:00.352+0800][gc,phases    ] GC(14)   Pre Evacuate Collection Set: 4.6ms
[2020-06-08T02:32:00.352+0800][gc,phases    ] GC(14)   Merge Heap Roots: 0.3ms
[2020-06-08T02:32:00.352+0800][gc,phases    ] GC(14)   Evacuate Collection Set: 12.0ms
[2020-06-08T02:32:00.352+0800][gc,phases    ] GC(14)   Post Evacuate Collection Set: 1.1ms
[2020-06-08T02:32:00.352+0800][gc,phases    ] GC(14)   Other: 1.8ms
[2020-06-08T02:32:00.352+0800][gc,heap      ] GC(14) Eden regions: 178->0(217)
[2020-06-08T02:32:00.352+0800][gc,heap      ] GC(14) Survivor regions: 4->5(23)
[2020-06-08T02:32:00.352+0800][gc,heap      ] GC(14) Old regions: 14->14
[2020-06-08T02:32:00.352+0800][gc,heap      ] GC(14) Archive regions: 2->2
[2020-06-08T02:32:00.352+0800][gc,heap      ] GC(14) Humongous regions: 129->129
[2020-06-08T02:32:00.352+0800][gc,metaspace ] GC(14) Metaspace: 38898K(41088K)->38898K(41088K) NonClass: 33710K(34816K)->33710K(34816K) Class: 5187K(6272K)->5187K(6272K)
[2020-06-08T02:32:00.352+0800][gc           ] GC(14) Pause Young (Normal) (G1 Evacuation Pause) 325M->147M(1024M) 19.824ms
[2020-06-08T02:32:00.352+0800][gc,cpu       ] GC(14) User=0.04s Sys=0.06s Real=0.02s
[2020-06-08T03:13:25.928+0800][gc,heap,exit ] Heap
[2020-06-08T03:13:25.929+0800][gc,heap,exit ]  garbage-first heap   total 1048576K, used 359965K [0x00000007c0000000, 0x0000000800000000)
[2020-06-08T03:13:25.929+0800][gc,heap,exit ]   region size 1024K, 211 young (216064K), 5 survivors (5120K)
[2020-06-08T03:13:25.929+0800][gc,heap,exit ]  Metaspace       used 39882K, capacity 42130K, committed 42368K, reserved 1085440K
[2020-06-08T03:13:25.929+0800][gc,heap,exit ]   class space    used 5425K, capacity 6498K, committed 6528K, reserved 1048576K
