[2020-06-05T03:25:50.798+0800][gc,heap] Heap region size: 1M
[2020-06-05T03:25:50.798+0800][gc,heap,coops] Heap address: 0x00000007e0000000, size: 512 MB, Compressed Oops mode: Zero based, Oop shift amount: 3
[2020-06-05T03:25:50.803+0800][gc           ] Using G1
[2020-06-05T03:25:50.803+0800][gc,cds       ] Mark closed archive regions in map: [0x00000007fff00000, 0x00000007fff7aff8]
[2020-06-05T03:25:50.803+0800][gc,cds       ] Mark open archive regions in map: [0x00000007ffe00000, 0x00000007ffe50ff8]
[2020-06-05T03:25:50.820+0800][gc           ] Periodic GC disabled
[2020-06-05T03:27:29.585+0800][gc,start     ] GC(0) Pause Young (Normal) (G1 Evacuation Pause)
[2020-06-05T03:27:29.586+0800][gc,task      ] GC(0) Using 8 workers of 8 for evacuation
[2020-06-05T03:27:29.591+0800][gc,phases    ] GC(0)   Pre Evacuate Collection Set: 0.1ms
[2020-06-05T03:27:29.591+0800][gc,phases    ] GC(0)   Merge Heap Roots: 0.1ms
[2020-06-05T03:27:29.591+0800][gc,phases    ] GC(0)   Evacuate Collection Set: 3.9ms
[2020-06-05T03:27:29.591+0800][gc,phases    ] GC(0)   Post Evacuate Collection Set: 0.4ms
[2020-06-05T03:27:29.591+0800][gc,phases    ] GC(0)   Other: 0.8ms
[2020-06-05T03:27:29.591+0800][gc,heap      ] GC(0) Eden regions: 25->0(21)
[2020-06-05T03:27:29.591+0800][gc,heap      ] GC(0) Survivor regions: 0->4(4)
[2020-06-05T03:27:29.591+0800][gc,heap      ] GC(0) Old regions: 0->1
[2020-06-05T03:27:29.591+0800][gc,heap      ] GC(0) Archive regions: 2->2
[2020-06-05T03:27:29.591+0800][gc,heap      ] GC(0) Humongous regions: 0->0
[2020-06-05T03:27:29.591+0800][gc,metaspace ] GC(0) Metaspace: 7264K(7680K)->7264K(7680K) NonClass: 6421K(6656K)->6421K(6656K) Class: 842K(1024K)->842K(1024K)
[2020-06-05T03:27:29.591+0800][gc           ] GC(0) Pause Young (Normal) (G1 Evacuation Pause) 25M->5M(512M) 5.512ms
[2020-06-05T03:27:29.591+0800][gc,cpu       ] GC(0) User=0.03s Sys=0.01s Real=0.01s
[2020-06-05T03:44:59.944+0800][gc,heap,exit ] Heap
[2020-06-05T03:44:59.944+0800][gc,heap,exit ]  garbage-first heap   total 524288K, used 15058K [0x00000007e0000000, 0x0000000800000000)
[2020-06-05T03:44:59.944+0800][gc,heap,exit ]   region size 1024K, 14 young (14336K), 4 survivors (4096K)
[2020-06-05T03:44:59.944+0800][gc,heap,exit ]  Metaspace       used 7963K, capacity 8243K, committed 8448K, reserved 1056768K
[2020-06-05T03:44:59.944+0800][gc,heap,exit ]   class space    used 861K, capacity 963K, committed 1024K, reserved 1048576K
