[2020-06-08T00:17:14.656+0800][gc,heap] Heap region size: 1M
[2020-06-08T00:17:14.656+0800][gc,heap,coops] Heap address: 0x00000007e0000000, size: 512 MB, Compressed Oops mode: Zero based, Oop shift amount: 3
[2020-06-08T00:17:14.660+0800][gc           ] Using G1
[2020-06-08T00:17:14.661+0800][gc,cds       ] Mark closed archive regions in map: [0x00000007fff00000, 0x00000007fff7aff8]
[2020-06-08T00:17:14.661+0800][gc,cds       ] Mark open archive regions in map: [0x00000007ffe00000, 0x00000007ffe50ff8]
[2020-06-08T00:17:14.677+0800][gc           ] Periodic GC disabled
[2020-06-08T00:17:15.949+0800][gc,start     ] GC(0) Pause Young (Normal) (G1 Evacuation Pause)
[2020-06-08T00:17:15.950+0800][gc,task      ] GC(0) Using 8 workers of 8 for evacuation
[2020-06-08T00:17:15.954+0800][gc,phases    ] GC(0)   Pre Evacuate Collection Set: 0.1ms
[2020-06-08T00:17:15.954+0800][gc,phases    ] GC(0)   Merge Heap Roots: 0.0ms
[2020-06-08T00:17:15.954+0800][gc,phases    ] GC(0)   Evacuate Collection Set: 3.6ms
[2020-06-08T00:17:15.954+0800][gc,phases    ] GC(0)   Post Evacuate Collection Set: 0.3ms
[2020-06-08T00:17:15.954+0800][gc,phases    ] GC(0)   Other: 0.4ms
[2020-06-08T00:17:15.954+0800][gc,heap      ] GC(0) Eden regions: 25->0(21)
[2020-06-08T00:17:15.954+0800][gc,heap      ] GC(0) Survivor regions: 0->4(4)
[2020-06-08T00:17:15.954+0800][gc,heap      ] GC(0) Old regions: 0->2
[2020-06-08T00:17:15.954+0800][gc,heap      ] GC(0) Archive regions: 2->2
[2020-06-08T00:17:15.954+0800][gc,heap      ] GC(0) Humongous regions: 0->0
[2020-06-08T00:17:15.954+0800][gc,metaspace ] GC(0) Metaspace: 7315K(7936K)->7315K(7936K) NonClass: 6478K(6912K)->6478K(6912K) Class: 837K(1024K)->837K(1024K)
[2020-06-08T00:17:15.954+0800][gc           ] GC(0) Pause Young (Normal) (G1 Evacuation Pause) 25M->6M(512M) 4.643ms
[2020-06-08T00:17:15.954+0800][gc,cpu       ] GC(0) User=0.02s Sys=0.01s Real=0.01s
[2020-06-08T03:14:59.139+0800][gc,heap,exit ] Heap
[2020-06-08T03:14:59.139+0800][gc,heap,exit ]  garbage-first heap   total 524288K, used 19520K [0x00000007e0000000, 0x0000000800000000)
[2020-06-08T03:14:59.139+0800][gc,heap,exit ]   region size 1024K, 18 young (18432K), 4 survivors (4096K)
[2020-06-08T03:14:59.139+0800][gc,heap,exit ]  Metaspace       used 7961K, capacity 8244K, committed 8448K, reserved 1056768K
[2020-06-08T03:14:59.139+0800][gc,heap,exit ]   class space    used 864K, capacity 963K, committed 1024K, reserved 1048576K
